// Jest Snapshot v1, https://goo.gl/fbAQLP

exports[`Footer Component Footer Component renders correctly using snapshots 1`] = `
<div
  className="row"
>
  <div
    className="col-sm-5 offset-sm-1"
  >
    <h1>
      Hi How are you
    </h1>
  </div>
  <div
    className="col-sm"
  >
    <img
      alt=""
      src=""
    />
  </div>
</div>
`;
